#
# There is insufficient memory for the Java Runtime Environment to continue.
# Native memory allocation (mmap) failed to map 266338304 bytes for Failed to commit area from 0x0000000702000000 to 0x0000000711e00000 of length 266338304.
# Possible reasons:
#   The system is out of physical RAM or swap space
#   The process is running with CompressedOops enabled, and the Java Heap may be blocking the growth of the native heap
# Possible solutions:
#   Reduce memory load on the system
#   Increase physical memory or swap space
#   Check if swap backing store is full
#   Decrease Java heap size (-Xmx/-Xms)
#   Decrease number of Java threads
#   Decrease Java thread stack sizes (-Xss)
#   Set larger code cache with -XX:ReservedCodeCacheSize=
# This output file may be truncated or incomplete.
#
#  Out of Memory Error (./src/hotspot/os/windows/os_windows.cpp:3387), pid=38492, tid=34664
#
# JRE version:  (11.0.14.1+1) (build )
# Java VM: OpenJDK 64-Bit Server VM (11.0.14.1+1, mixed mode, sharing, tiered, compressed oops, g1 gc, windows-amd64)
# No core dump will be written. Minidumps are not enabled by default on client versions of Windows
#

---------------  S U M M A R Y ------------

Command Line: 

Host: Intel(R) Core(TM) i5-10400F CPU @ 2.90GHz, 12 cores, 15G,  Windows 10 , 64 bit Build 19041 (10.0.19041.5915)
Time: Wed Sep 24 19:38:02 2025 Новосибирское стандартное время elapsed time: 0.012457 seconds (0d 0h 0m 0s)

---------------  T H R E A D  ---------------

Current thread (0x0000025f65a00800):  JavaThread "Unknown thread" [_thread_in_vm, id=34664, stack(0x000000aeadf00000,0x000000aeae000000)]

Stack: [0x000000aeadf00000,0x000000aeae000000]
Native frames: (J=compiled Java code, j=interpreted, Vv=VM code, C=native code)
V  [jvm.dll+0x61e59a]
V  [jvm.dll+0x7aaca9]
V  [jvm.dll+0x7ac398]
V  [jvm.dll+0x7aca73]
V  [jvm.dll+0x24f9b8]
V  [jvm.dll+0x61b83a]
V  [jvm.dll+0x6100c5]
V  [jvm.dll+0x30772c]
V  [jvm.dll+0x3075b2]
V  [jvm.dll+0x30c2d6]
V  [jvm.dll+0x35272f]
V  [jvm.dll+0x352160]
V  [jvm.dll+0x2e4728]
V  [jvm.dll+0x2e5886]
V  [jvm.dll+0x784b07]
V  [jvm.dll+0x78628f]
V  [jvm.dll+0x35f479]
V  [jvm.dll+0x767aa0]
V  [jvm.dll+0x3ccf1f]
V  [jvm.dll+0x3cf2b1]
C  [jli.dll+0x5207]
C  [ucrtbase.dll+0x21bb2]
C  [KERNEL32.DLL+0x17374]
C  [ntdll.dll+0x4cc91]


---------------  P R O C E S S  ---------------

Threads class SMR info:
_java_thread_list=0x0000025f658923c0, length=0, elements={
}

Java Threads: ( => current thread )

Other Threads:
  0x0000025f65a18800 GCTaskThread "GC Thread#0" [stack: 0x000000aeae000000,0x000000aeae100000] [id=38196]
  0x0000025f65a75000 ConcurrentGCThread "G1 Main Marker" [stack: 0x000000aeae100000,0x000000aeae200000] [id=38428]
  0x0000025f65a78800 ConcurrentGCThread "G1 Conc#0" [stack: 0x000000aeae200000,0x000000aeae300000] [id=38248]

[error occurred during error reporting (printing all threads), id 0xc0000005, EXCEPTION_ACCESS_VIOLATION (0xc0000005) at pc=0x00007ff936513ef7]

VM state:not at safepoint (not fully initialized)

VM Mutex/Monitor currently owned by a thread:  ([mutex/lock_event])
[0x0000025f659fbba0] Heap_lock - owner thread: 0x0000025f65a00800

Heap address: 0x0000000702000000, size: 4064 MB, Compressed Oops mode: Non-zero based: 0x0000000702000000
Narrow klass base: 0x0000000000000000, Narrow klass shift: 0

GC Heap History (0 events):
No events

Deoptimization events (0 events):
No events

Classes redefined (0 events):
No events

Internal exceptions (0 events):
No events

Events (1 events):
Event: 0.008 Loaded shared library C:\Program Files\Unity\Hub\Editor\2022.3.9f1\Editor\Data\PlaybackEngines\AndroidPlayer\OpenJDK\bin\zip.dll


Dynamic libraries:
0x00007ff633970000 - 0x00007ff63397d000 	C:\Program Files\Unity\Hub\Editor\2022.3.9f1\Editor\Data\PlaybackEngines\AndroidPlayer\OpenJDK\bin\java.exe
0x00007ff98e6b0000 - 0x00007ff98e8a8000 	C:\Windows\SYSTEM32\ntdll.dll
0x00007ff98df10000 - 0x00007ff98dfd2000 	C:\Windows\System32\KERNEL32.DLL
0x00007ff98c050000 - 0x00007ff98c346000 	C:\Windows\System32\KERNELBASE.dll
0x00007ff98c560000 - 0x00007ff98c660000 	C:\Windows\System32\ucrtbase.dll
0x00007ff981a40000 - 0x00007ff981a57000 	C:\Program Files\Unity\Hub\Editor\2022.3.9f1\Editor\Data\PlaybackEngines\AndroidPlayer\OpenJDK\bin\jli.dll
0x00007ff98d180000 - 0x00007ff98d31d000 	C:\Windows\System32\USER32.dll
0x00007ff98c530000 - 0x00007ff98c552000 	C:\Windows\System32\win32u.dll
0x00007ff98c8c0000 - 0x00007ff98c8eb000 	C:\Windows\System32\GDI32.dll
0x00007ff98bf30000 - 0x00007ff98c049000 	C:\Windows\System32\gdi32full.dll
0x00007ff98c350000 - 0x00007ff98c3ed000 	C:\Windows\System32\msvcp_win.dll
0x00007ff972860000 - 0x00007ff972afb000 	C:\Windows\WinSxS\amd64_microsoft.windows.common-controls_6595b64144ccf1df_6.0.19041.6280_none_60bc30a171f2f3f3\COMCTL32.dll
0x00007ff98d320000 - 0x00007ff98d3be000 	C:\Windows\System32\msvcrt.dll
0x00007ff9815c0000 - 0x00007ff9815d5000 	C:\Program Files\Unity\Hub\Editor\2022.3.9f1\Editor\Data\PlaybackEngines\AndroidPlayer\OpenJDK\bin\VCRUNTIME140.dll
0x00007ff98caa0000 - 0x00007ff98cacf000 	C:\Windows\System32\IMM32.DLL
0x00007ff956910000 - 0x00007ff9569ab000 	C:\Program Files\Unity\Hub\Editor\2022.3.9f1\Editor\Data\PlaybackEngines\AndroidPlayer\OpenJDK\bin\msvcp140.dll
0x00007ff936220000 - 0x00007ff936da1000 	C:\Program Files\Unity\Hub\Editor\2022.3.9f1\Editor\Data\PlaybackEngines\AndroidPlayer\OpenJDK\bin\server\jvm.dll
0x00007ff98c800000 - 0x00007ff98c8b1000 	C:\Windows\System32\ADVAPI32.dll
0x00007ff98e550000 - 0x00007ff98e5ef000 	C:\Windows\System32\sechost.dll
0x00007ff98d060000 - 0x00007ff98d180000 	C:\Windows\System32\RPCRT4.dll
0x00007ff98c660000 - 0x00007ff98c687000 	C:\Windows\System32\bcrypt.dll
0x00007ff98c7f0000 - 0x00007ff98c7f8000 	C:\Windows\System32\PSAPI.DLL
0x00007ff956170000 - 0x00007ff956179000 	C:\Windows\SYSTEM32\WSOCK32.dll
0x00007ff98d3d0000 - 0x00007ff98d43b000 	C:\Windows\System32\WS2_32.dll
0x00007ff979ee0000 - 0x00007ff979f07000 	C:\Windows\SYSTEM32\WINMM.dll
0x00007ff984a30000 - 0x00007ff984a3a000 	C:\Windows\SYSTEM32\VERSION.dll
0x00007ff989bf0000 - 0x00007ff989c02000 	C:\Windows\SYSTEM32\kernel.appcore.dll
0x00007ff9890c0000 - 0x00007ff9890d0000 	C:\Program Files\Unity\Hub\Editor\2022.3.9f1\Editor\Data\PlaybackEngines\AndroidPlayer\OpenJDK\bin\verify.dll
0x00007ff979580000 - 0x00007ff979781000 	C:\Windows\SYSTEM32\DBGHELP.DLL
0x00007ff966320000 - 0x00007ff966354000 	C:\Windows\SYSTEM32\dbgcore.DLL
0x00007ff98c4a0000 - 0x00007ff98c522000 	C:\Windows\System32\bcryptPrimitives.dll
0x00007ff981480000 - 0x00007ff9814a8000 	C:\Program Files\Unity\Hub\Editor\2022.3.9f1\Editor\Data\PlaybackEngines\AndroidPlayer\OpenJDK\bin\java.dll
0x00007ff9815b0000 - 0x00007ff9815ba000 	C:\Program Files\Unity\Hub\Editor\2022.3.9f1\Editor\Data\PlaybackEngines\AndroidPlayer\OpenJDK\bin\jimage.dll
0x00007ff981460000 - 0x00007ff981478000 	C:\Program Files\Unity\Hub\Editor\2022.3.9f1\Editor\Data\PlaybackEngines\AndroidPlayer\OpenJDK\bin\zip.dll

dbghelp: loaded successfully - version: 4.0.5 - missing functions: none
symbol engine: initialized successfully - sym options: 0x614 - pdb path: .;C:\Program Files\Unity\Hub\Editor\2022.3.9f1\Editor\Data\PlaybackEngines\AndroidPlayer\OpenJDK\bin;C:\Windows\SYSTEM32;C:\Windows\WinSxS\amd64_microsoft.windows.common-controls_6595b64144ccf1df_6.0.19041.6280_none_60bc30a171f2f3f3;C:\Program Files\Unity\Hub\Editor\2022.3.9f1\Editor\Data\PlaybackEngines\AndroidPlayer\OpenJDK\bin\server

VM Arguments:
java_command: <unknown>
java_class_path (initial): <not set>
Launcher Type: SUN_STANDARD

[Global flags]
     intx CICompilerCount                          = 4                                         {product} {ergonomic}
     uint ConcGCThreads                            = 3                                         {product} {ergonomic}
     uint G1ConcRefinementThreads                  = 10                                        {product} {ergonomic}
   size_t G1HeapRegionSize                         = 1048576                                   {product} {ergonomic}
    uintx GCDrainStackTargetSize                   = 64                                        {product} {ergonomic}
   size_t InitialHeapSize                          = 266338304                                 {product} {ergonomic}
   size_t MarkStackSize                            = 4194304                                   {product} {ergonomic}
   size_t MaxHeapSize                              = 4261412864                                {product} {ergonomic}
   size_t MinHeapDeltaBytes                        = 1048576                                   {product} {ergonomic}
    uintx NonNMethodCodeHeapSize                   = 5836300                                {pd product} {ergonomic}
    uintx NonProfiledCodeHeapSize                  = 122910970                              {pd product} {ergonomic}
    uintx ProfiledCodeHeapSize                     = 122910970                              {pd product} {ergonomic}
    uintx ReservedCodeCacheSize                    = 251658240                              {pd product} {ergonomic}
     bool SegmentedCodeCache                       = true                                      {product} {ergonomic}
     bool UseCompressedClassPointers               = true                                 {lp64_product} {ergonomic}
     bool UseCompressedOops                        = true                                 {lp64_product} {ergonomic}
     bool UseG1GC                                  = true                                      {product} {ergonomic}
     bool UseLargePagesIndividualAllocation        = false                                  {pd product} {ergonomic}

Logging:
Log output configuration:
 #0: stdout all=warning uptime,level,tags
 #1: stderr all=off uptime,level,tags

Environment Variables:
JAVA_HOME=C:\Program Files\Unity\Hub\Editor\2022.3.9f1\Editor\Data\PlaybackEngines\AndroidPlayer\OpenJDK
PATH=C:\Program Files (x86)\Common Files\Intel\Shared Libraries\redist\intel64_win\compiler;C:\Program Files (x86)\Common Files\Oracle\Java\javapath;C:\Windows\system32;C:\Windows;C:\Windows\System32\Wbem;C:\Windows\System32\WindowsPowerShell\v1.0\;C:\Windows\System32\OpenSSH\;C:\Program Files (x86)\NVIDIA Corporation\PhysX\Common;C:\Program Files\dotnet\;C:\Program Files\AmneziaWG\;C:\Program Files\NVIDIA Corporation\NVIDIA app\NvDLISR;C:\Program Files\Microsoft SQL Server\150\Tools\Binn\;C:\Program Files\Microsoft SQL Server\Client SDK\ODBC\170\Tools\Binn\;C:\Program Files\nodejs\;C:\Program Files\Git\cmd;C:\Program Files (x86)\Microsoft SQL Server\160\Tools\Binn\;C:\Program Files\Microsoft SQL Server\160\Tools\Binn\;C:\Program Files\Microsoft SQL Server\160\DTS\Binn\;C:\Program Files (x86)\Microsoft SQL Server\160\DTS\Binn\;C:\Program Files\GitExtensions\;C:\Program Files\Git LFS;C:\Users\Danil\AppData\Local\Microsoft\WindowsApps;C:\Users\Danil\AppData\Local\Programs\Microsoft VS Code\bin;C:\Users\Danil\.dotnet\tools;C:\Users\Danil\AppData\Local\Programs\cursor\resources\app\bin
USERNAME=Danil
OS=Windows_NT
PROCESSOR_IDENTIFIER=Intel64 Family 6 Model 165 Stepping 3, GenuineIntel



---------------  S Y S T E M  ---------------

OS: Windows 10 , 64 bit Build 19041 (10.0.19041.5915)
OS uptime: 2 days 9:17 hours

CPU:total 12 (initial active 12) (6 cores per cpu, 2 threads per core) family 6 model 165 stepping 3 microcode 0xf6, cmov, cx8, fxsr, mmx, sse, sse2, sse3, ssse3, sse4.1, sse4.2, popcnt, avx, avx2, aes, clmul, erms, 3dnowpref, lzcnt, ht, tsc, tscinvbit, bmi1, bmi2, adx, fma

Memory: 4k page, system-wide physical 16250M (730M free)
TotalPageFile size 29250M (AvailPageFile size 310M)
current process WorkingSet (physical memory assigned to process): 10M, peak: 10M
current process commit charge ("private bytes"): 64M, peak: 318M

vm_info: OpenJDK 64-Bit Server VM (11.0.14.1+1) for windows-amd64 JRE (11.0.14.1+1), built on Feb  9 2022 01:48:27 by "" with unknown MS VC++:1916

END.
